Analysis & Synthesis report for CPU
Wed Jun 09 02:33:16 2021
Quartus II 64-Bit Version 14.1.0 Build 186 12/03/2014 SJ Web Edition


---------------------
; Table of Contents ;
---------------------
  1. Legal Notice
  2. Analysis & Synthesis Summary
  3. Analysis & Synthesis Settings
  4. Parallel Compilation
  5. Analysis & Synthesis Source Files Read
  6. Analysis & Synthesis Resource Usage Summary
  7. Analysis & Synthesis Resource Utilization by Entity
  8. State Machine - |CPU|Controller:u1|state_new
  9. State Machine - |CPU|Controller:u1|state
 10. Logic Cells Representing Combinational Loops
 11. Registers Removed During Synthesis
 12. Removed Registers Triggering Further Register Optimizations
 13. General Register Statistics
 14. Parameter Settings for User Entity Instance: CLK_50M:c1
 15. Parameter Settings for User Entity Instance: RESET:c2
 16. Parameter Settings for User Entity Instance: Controller:u1
 17. Parameter Settings for User Entity Instance: ALU:u6
 18. Post-Synthesis Netlist Statistics for Top Partition
 19. Elapsed Time Per Partition
 20. Analysis & Synthesis Messages
 21. Analysis & Synthesis Suppressed Messages



----------------
; Legal Notice ;
----------------
Copyright (C) 1991-2014 Altera Corporation. All rights reserved.
Your use of Altera Corporation's design tools, logic functions 
and other software and tools, and its AMPP partner logic 
functions, and any output files from any of the foregoing 
(including device programming or simulation files), and any 
associated documentation or information are expressly subject 
to the terms and conditions of the Altera Program License 
Subscription Agreement, the Altera Quartus II License Agreement,
the Altera MegaCore Function License Agreement, or other 
applicable license agreement, including, without limitation, 
that your use is for the sole purpose of programming logic 
devices manufactured by Altera and sold by Altera or its 
authorized distributors.  Please refer to the applicable 
agreement for further details.



+------------------------------------------------------------------------------+
; Analysis & Synthesis Summary                                                 ;
+---------------------------------+--------------------------------------------+
; Analysis & Synthesis Status     ; Successful - Wed Jun 09 02:33:16 2021      ;
; Quartus II 64-Bit Version       ; 14.1.0 Build 186 12/03/2014 SJ Web Edition ;
; Revision Name                   ; CPU                                        ;
; Top-level Entity Name           ; CPU                                        ;
; Family                          ; Cyclone V                                  ;
; Logic utilization (in ALMs)     ; N/A                                        ;
; Total registers                 ; 0                                          ;
; Total pins                      ; 1                                          ;
; Total virtual pins              ; 0                                          ;
; Total block memory bits         ; 0                                          ;
; Total DSP Blocks                ; 0                                          ;
; Total HSSI RX PCSs              ; 0                                          ;
; Total HSSI PMA RX Deserializers ; 0                                          ;
; Total HSSI TX PCSs              ; 0                                          ;
; Total HSSI PMA TX Serializers   ; 0                                          ;
; Total PLLs                      ; 0                                          ;
; Total DLLs                      ; 0                                          ;
+---------------------------------+--------------------------------------------+


+---------------------------------------------------------------------------------------------------------------------------+
; Analysis & Synthesis Settings                                                                                             ;
+---------------------------------------------------------------------------------+--------------------+--------------------+
; Option                                                                          ; Setting            ; Default Value      ;
+---------------------------------------------------------------------------------+--------------------+--------------------+
; Device                                                                          ; 5CEFA4F23C6        ;                    ;
; Top-level entity name                                                           ; CPU                ; CPU                ;
; Family name                                                                     ; Cyclone V          ; Cyclone IV GX      ;
; Use smart compilation                                                           ; Off                ; Off                ;
; Enable parallel Assembler and TimeQuest Timing Analyzer during compilation      ; On                 ; On                 ;
; Enable compact report table                                                     ; Off                ; Off                ;
; Restructure Multiplexers                                                        ; Auto               ; Auto               ;
; MLAB Add Timing Constraints For Mixed-Port Feed-Through Mode Setting Don't Care ; Off                ; Off                ;
; Create Debugging Nodes for IP Cores                                             ; Off                ; Off                ;
; Preserve fewer node names                                                       ; On                 ; On                 ;
; Disable OpenCore Plus hardware evaluation                                       ; Off                ; Off                ;
; Verilog Version                                                                 ; Verilog_2001       ; Verilog_2001       ;
; VHDL Version                                                                    ; VHDL_1993          ; VHDL_1993          ;
; State Machine Processing                                                        ; Auto               ; Auto               ;
; Safe State Machine                                                              ; Off                ; Off                ;
; Extract Verilog State Machines                                                  ; On                 ; On                 ;
; Extract VHDL State Machines                                                     ; On                 ; On                 ;
; Ignore Verilog initial constructs                                               ; Off                ; Off                ;
; Iteration limit for constant Verilog loops                                      ; 5000               ; 5000               ;
; Iteration limit for non-constant Verilog loops                                  ; 250                ; 250                ;
; Add Pass-Through Logic to Inferred RAMs                                         ; On                 ; On                 ;
; Infer RAMs from Raw Logic                                                       ; On                 ; On                 ;
; Parallel Synthesis                                                              ; On                 ; On                 ;
; DSP Block Balancing                                                             ; Auto               ; Auto               ;
; NOT Gate Push-Back                                                              ; On                 ; On                 ;
; Power-Up Don't Care                                                             ; On                 ; On                 ;
; Remove Redundant Logic Cells                                                    ; Off                ; Off                ;
; Remove Duplicate Registers                                                      ; On                 ; On                 ;
; Ignore CARRY Buffers                                                            ; Off                ; Off                ;
; Ignore CASCADE Buffers                                                          ; Off                ; Off                ;
; Ignore GLOBAL Buffers                                                           ; Off                ; Off                ;
; Ignore ROW GLOBAL Buffers                                                       ; Off                ; Off                ;
; Ignore LCELL Buffers                                                            ; Off                ; Off                ;
; Ignore SOFT Buffers                                                             ; On                 ; On                 ;
; Limit AHDL Integers to 32 Bits                                                  ; Off                ; Off                ;
; Optimization Technique                                                          ; Balanced           ; Balanced           ;
; Carry Chain Length                                                              ; 70                 ; 70                 ;
; Auto Carry Chains                                                               ; On                 ; On                 ;
; Auto Open-Drain Pins                                                            ; On                 ; On                 ;
; Perform WYSIWYG Primitive Resynthesis                                           ; Off                ; Off                ;
; Auto ROM Replacement                                                            ; On                 ; On                 ;
; Auto RAM Replacement                                                            ; On                 ; On                 ;
; Auto DSP Block Replacement                                                      ; On                 ; On                 ;
; Auto Shift Register Replacement                                                 ; Auto               ; Auto               ;
; Allow Shift Register Merging across Hierarchies                                 ; Auto               ; Auto               ;
; Auto Clock Enable Replacement                                                   ; On                 ; On                 ;
; Strict RAM Replacement                                                          ; Off                ; Off                ;
; Allow Synchronous Control Signals                                               ; On                 ; On                 ;
; Force Use of Synchronous Clear Signals                                          ; Off                ; Off                ;
; Auto Resource Sharing                                                           ; Off                ; Off                ;
; Allow Any RAM Size For Recognition                                              ; Off                ; Off                ;
; Allow Any ROM Size For Recognition                                              ; Off                ; Off                ;
; Allow Any Shift Register Size For Recognition                                   ; Off                ; Off                ;
; Use LogicLock Constraints during Resource Balancing                             ; On                 ; On                 ;
; Ignore translate_off and synthesis_off directives                               ; Off                ; Off                ;
; Timing-Driven Synthesis                                                         ; On                 ; On                 ;
; Report Parameter Settings                                                       ; On                 ; On                 ;
; Report Source Assignments                                                       ; On                 ; On                 ;
; Report Connectivity Checks                                                      ; On                 ; On                 ;
; Ignore Maximum Fan-Out Assignments                                              ; Off                ; Off                ;
; Synchronization Register Chain Length                                           ; 3                  ; 3                  ;
; PowerPlay Power Optimization During Synthesis                                   ; Normal compilation ; Normal compilation ;
; HDL message level                                                               ; Level2             ; Level2             ;
; Suppress Register Optimization Related Messages                                 ; Off                ; Off                ;
; Number of Removed Registers Reported in Synthesis Report                        ; 5000               ; 5000               ;
; Number of Swept Nodes Reported in Synthesis Report                              ; 5000               ; 5000               ;
; Number of Inverted Registers Reported in Synthesis Report                       ; 100                ; 100                ;
; Clock MUX Protection                                                            ; On                 ; On                 ;
; Auto Gated Clock Conversion                                                     ; Off                ; Off                ;
; Block Design Naming                                                             ; Auto               ; Auto               ;
; SDC constraint protection                                                       ; Off                ; Off                ;
; Synthesis Effort                                                                ; Auto               ; Auto               ;
; Shift Register Replacement - Allow Asynchronous Clear Signal                    ; On                 ; On                 ;
; Pre-Mapping Resynthesis Optimization                                            ; Off                ; Off                ;
; Analysis & Synthesis Message Level                                              ; Medium             ; Medium             ;
; Disable Register Merging Across Hierarchies                                     ; Auto               ; Auto               ;
; Resource Aware Inference For Block RAM                                          ; On                 ; On                 ;
; Synthesis Seed                                                                  ; 1                  ; 1                  ;
; Automatic Parallel Synthesis                                                    ; On                 ; On                 ;
; Partial Reconfiguration Bitstream ID                                            ; Off                ; Off                ;
+---------------------------------------------------------------------------------+--------------------+--------------------+


+------------------------------------------+
; Parallel Compilation                     ;
+----------------------------+-------------+
; Processors                 ; Number      ;
+----------------------------+-------------+
; Number detected on machine ; 8           ;
; Maximum allowed            ; 4           ;
;                            ;             ;
; Average used               ; 1.00        ;
; Maximum used               ; 1           ;
;                            ;             ;
; Usage by Processor         ; % Time Used ;
;     Processor 1            ; 100.0%      ;
;     Processors 2-8         ;   0.0%      ;
+----------------------------+-------------+


+----------------------------------------------------------------------------------------------------------------------------------+
; Analysis & Synthesis Source Files Read                                                                                           ;
+----------------------------------+-----------------+------------------------+------------------------------------------+---------+
; File Name with User-Entered Path ; Used in Netlist ; File Type              ; File Name with Absolute Path             ; Library ;
+----------------------------------+-----------------+------------------------+------------------------------------------+---------+
; CPU.v                            ; yes             ; User Verilog HDL File  ; C:/Users/Mary/Documents/CPU/CPU.v        ;         ;
; RESET.v                          ; yes             ; User Verilog HDL File  ; C:/Users/Mary/Documents/CPU/RESET.v      ;         ;
; CLK_50M.v                        ; yes             ; User Verilog HDL File  ; C:/Users/Mary/Documents/CPU/CLK_50M.v    ;         ;
; PC.v                             ; yes             ; User Verilog HDL File  ; C:/Users/Mary/Documents/CPU/PC.v         ;         ;
; Memory.v                         ; yes             ; User Verilog HDL File  ; C:/Users/Mary/Documents/CPU/Memory.v     ;         ;
; Controller.v                     ; yes             ; User Verilog HDL File  ; C:/Users/Mary/Documents/CPU/Controller.v ;         ;
; IR.v                             ; yes             ; User Verilog HDL File  ; C:/Users/Mary/Documents/CPU/IR.v         ;         ;
; PSR.v                            ; yes             ; User Verilog HDL File  ; C:/Users/Mary/Documents/CPU/PSR.v        ;         ;
; Register.v                       ; yes             ; User Verilog HDL File  ; C:/Users/Mary/Documents/CPU/Register.v   ;         ;
; ALU.v                            ; yes             ; User Verilog HDL File  ; C:/Users/Mary/Documents/CPU/ALU.v        ;         ;
+----------------------------------+-----------------+------------------------+------------------------------------------+---------+


+----------------------------------------------------------------+
; Analysis & Synthesis Resource Usage Summary                    ;
+---------------------------------------------+------------------+
; Resource                                    ; Usage            ;
+---------------------------------------------+------------------+
; Estimate of Logic utilization (ALMs needed) ; 1                ;
;                                             ;                  ;
; Combinational ALUT usage for logic          ; 1                ;
;     -- 7 input functions                    ; 0                ;
;     -- 6 input functions                    ; 0                ;
;     -- 5 input functions                    ; 0                ;
;     -- 4 input functions                    ; 0                ;
;     -- <=3 input functions                  ; 1                ;
;                                             ;                  ;
; Dedicated logic registers                   ; 0                ;
;                                             ;                  ;
; I/O pins                                    ; 1                ;
;                                             ;                  ;
; Total DSP Blocks                            ; 0                ;
;                                             ;                  ;
; Maximum fan-out node                        ; CLK_50M:c1|clk~0 ;
; Maximum fan-out                             ; 2                ;
; Total fan-out                               ; 3                ;
; Average fan-out                             ; 1.00             ;
+---------------------------------------------+------------------+


+-----------------------------------------------------------------------------------------------------------------------------------------------------------+
; Analysis & Synthesis Resource Utilization by Entity                                                                                                       ;
+----------------------------+-------------------+--------------+-------------------+------------+------+--------------+---------------------+--------------+
; Compilation Hierarchy Node ; LC Combinationals ; LC Registers ; Block Memory Bits ; DSP Blocks ; Pins ; Virtual Pins ; Full Hierarchy Name ; Library Name ;
+----------------------------+-------------------+--------------+-------------------+------------+------+--------------+---------------------+--------------+
; |CPU                       ; 1 (0)             ; 0 (0)        ; 0                 ; 0          ; 1    ; 0            ; |CPU                ; work         ;
;    |CLK_50M:c1|            ; 1 (1)             ; 0 (0)        ; 0                 ; 0          ; 0    ; 0            ; |CPU|CLK_50M:c1     ; work         ;
+----------------------------+-------------------+--------------+-------------------+------------+------+--------------+---------------------+--------------+
Note: For table entries with two numbers listed, the numbers in parentheses indicate the number of resources of the given type used by the specific entity alone. The numbers listed outside of parentheses indicate the total resources of the given type used by the specific entity and all of its sub-entities in the hierarchy.


Encoding Type:  One-Hot
+--------------------------------------------------------------------------------------------+
; State Machine - |CPU|Controller:u1|state_new                                               ;
+---------------+--------------+---------------+---------------+--------------+--------------+
; Name          ; state_new.WB ; state_new.MEM ; state_new.EXE ; state_new.ID ; state_new.IF ;
+---------------+--------------+---------------+---------------+--------------+--------------+
; state_new.IF  ; 0            ; 0             ; 0             ; 0            ; 0            ;
; state_new.ID  ; 0            ; 0             ; 0             ; 1            ; 1            ;
; state_new.EXE ; 0            ; 0             ; 1             ; 0            ; 1            ;
; state_new.MEM ; 0            ; 1             ; 0             ; 0            ; 1            ;
; state_new.WB  ; 1            ; 0             ; 0             ; 0            ; 1            ;
+---------------+--------------+---------------+---------------+--------------+--------------+


Encoding Type:  One-Hot
+------------------------------------------------------------------------------------+
; State Machine - |CPU|Controller:u1|state                                           ;
+-------------+----------+-----------+-----------+----------+----------+-------------+
; Name        ; state.WB ; state.MEM ; state.EXE ; state.ID ; state.IF ; state.RESET ;
+-------------+----------+-----------+-----------+----------+----------+-------------+
; state.RESET ; 0        ; 0         ; 0         ; 0        ; 0        ; 0           ;
; state.IF    ; 0        ; 0         ; 0         ; 0        ; 1        ; 1           ;
; state.ID    ; 0        ; 0         ; 0         ; 1        ; 0        ; 1           ;
; state.EXE   ; 0        ; 0         ; 1         ; 0        ; 0        ; 1           ;
; state.MEM   ; 0        ; 1         ; 0         ; 0        ; 0        ; 1           ;
; state.WB    ; 1        ; 0         ; 0         ; 0        ; 0        ; 1           ;
+-------------+----------+-----------+-----------+----------+----------+-------------+


+------------------------------------------------------------+
; Logic Cells Representing Combinational Loops               ;
+--------------------------------------------------------+---+
; Logic Cell Name                                        ;   ;
+--------------------------------------------------------+---+
; CLK_50M:c1|clk                                         ;   ;
; Number of logic cells representing combinational loops ; 1 ;
+--------------------------------------------------------+---+
Note: All cells listed above may not be present at the end of synthesis due to various synthesis optimizations.


+-------------------------------------------------------------+
; Registers Removed During Synthesis                          ;
+----------------------------------------+--------------------+
; Register name                          ; Reason for Removal ;
+----------------------------------------+--------------------+
; Controller:u1|state_new~4              ; Lost fanout        ;
; Controller:u1|state_new~5              ; Lost fanout        ;
; Controller:u1|state_new~6              ; Lost fanout        ;
; Controller:u1|state~4                  ; Lost fanout        ;
; Controller:u1|state~5                  ; Lost fanout        ;
; Controller:u1|state~6                  ; Lost fanout        ;
; Controller:u1|state_new.IF             ; Lost fanout        ;
; Controller:u1|state_new.ID             ; Lost fanout        ;
; Controller:u1|state_new.EXE            ; Lost fanout        ;
; Controller:u1|state_new.MEM            ; Lost fanout        ;
; Controller:u1|state_new.WB             ; Lost fanout        ;
; Controller:u1|state.RESET              ; Lost fanout        ;
; Controller:u1|state.IF                 ; Lost fanout        ;
; Controller:u1|state.ID                 ; Lost fanout        ;
; Controller:u1|state.EXE                ; Lost fanout        ;
; Controller:u1|state.MEM                ; Lost fanout        ;
; Controller:u1|state.WB                 ; Lost fanout        ;
; Total Number of Removed Registers = 17 ;                    ;
+----------------------------------------+--------------------+


+--------------------------------------------------------------------------------------------------------------------------------------+
; Removed Registers Triggering Further Register Optimizations                                                                          ;
+---------------------------+--------------------+-------------------------------------------------------------------------------------+
; Register name             ; Reason for Removal ; Registers Removed due to This Register                                              ;
+---------------------------+--------------------+-------------------------------------------------------------------------------------+
; Controller:u1|state~4     ; Lost Fanouts       ; Controller:u1|state_new.IF, Controller:u1|state_new.EXE, Controller:u1|state_new.WB ;
; Controller:u1|state_new~4 ; Lost Fanouts       ; Controller:u1|state.IF, Controller:u1|state.EXE                                     ;
; Controller:u1|state_new~5 ; Lost Fanouts       ; Controller:u1|state.ID                                                              ;
; Controller:u1|state_new~6 ; Lost Fanouts       ; Controller:u1|state.MEM                                                             ;
; Controller:u1|state~5     ; Lost Fanouts       ; Controller:u1|state_new.ID                                                          ;
; Controller:u1|state~6     ; Lost Fanouts       ; Controller:u1|state_new.MEM                                                         ;
+---------------------------+--------------------+-------------------------------------------------------------------------------------+


+------------------------------------------------------+
; General Register Statistics                          ;
+----------------------------------------------+-------+
; Statistic                                    ; Value ;
+----------------------------------------------+-------+
; Total registers                              ; 0     ;
; Number of registers using Synchronous Clear  ; 0     ;
; Number of registers using Synchronous Load   ; 0     ;
; Number of registers using Asynchronous Clear ; 0     ;
; Number of registers using Asynchronous Load  ; 0     ;
; Number of registers using Clock Enable       ; 0     ;
; Number of registers using Preset             ; 0     ;
+----------------------------------------------+-------+


+---------------------------------------------------------+
; Parameter Settings for User Entity Instance: CLK_50M:c1 ;
+----------------+-------+--------------------------------+
; Parameter Name ; Value ; Type                           ;
+----------------+-------+--------------------------------+
; clkper         ; 20    ; Signed Integer                 ;
+----------------+-------+--------------------------------+
Note: In order to hide this table in the UI and the text report file, please set the "Show Parameter Settings in Synthesis Report" option in "Analysis and Synthesis Settings -> More Settings" to "Off".


+-------------------------------------------------------+
; Parameter Settings for User Entity Instance: RESET:c2 ;
+----------------+-------+------------------------------+
; Parameter Name ; Value ; Type                         ;
+----------------+-------+------------------------------+
; t              ; 80    ; Signed Integer               ;
+----------------+-------+------------------------------+
Note: In order to hide this table in the UI and the text report file, please set the "Show Parameter Settings in Synthesis Report" option in "Analysis and Synthesis Settings -> More Settings" to "Off".


+------------------------------------------------------------+
; Parameter Settings for User Entity Instance: Controller:u1 ;
+----------------+-------+-----------------------------------+
; Parameter Name ; Value ; Type                              ;
+----------------+-------+-----------------------------------+
; RESET          ; 000   ; Unsigned Binary                   ;
; IF             ; 001   ; Unsigned Binary                   ;
; ID             ; 010   ; Unsigned Binary                   ;
; EXE            ; 011   ; Unsigned Binary                   ;
; MEM            ; 100   ; Unsigned Binary                   ;
; WB             ; 101   ; Unsigned Binary                   ;
; NOP            ; 0000  ; Unsigned Binary                   ;
; BRA            ; 0001  ; Unsigned Binary                   ;
; LD             ; 0010  ; Unsigned Binary                   ;
; STR            ; 0011  ; Unsigned Binary                   ;
; ADD            ; 0100  ; Unsigned Binary                   ;
; MUL            ; 0101  ; Unsigned Binary                   ;
; CMP            ; 0110  ; Unsigned Binary                   ;
; SHF            ; 0111  ; Unsigned Binary                   ;
; ROT            ; 1000  ; Unsigned Binary                   ;
; HLT            ; 1001  ; Unsigned Binary                   ;
+----------------+-------+-----------------------------------+
Note: In order to hide this table in the UI and the text report file, please set the "Show Parameter Settings in Synthesis Report" option in "Analysis and Synthesis Settings -> More Settings" to "Off".


+-----------------------------------------------------+
; Parameter Settings for User Entity Instance: ALU:u6 ;
+----------------+-------+----------------------------+
; Parameter Name ; Value ; Type                       ;
+----------------+-------+----------------------------+
; NOP            ; 0000  ; Unsigned Binary            ;
; BAR            ; 0001  ; Unsigned Binary            ;
; LD             ; 0010  ; Unsigned Binary            ;
; STR            ; 0011  ; Unsigned Binary            ;
; ADD            ; 0100  ; Unsigned Binary            ;
; MUL            ; 0101  ; Unsigned Binary            ;
; CMP            ; 0110  ; Unsigned Binary            ;
; SHF            ; 0111  ; Unsigned Binary            ;
; ROT            ; 1000  ; Unsigned Binary            ;
; HLT            ; 1001  ; Unsigned Binary            ;
+----------------+-------+----------------------------+
Note: In order to hide this table in the UI and the text report file, please set the "Show Parameter Settings in Synthesis Report" option in "Analysis and Synthesis Settings -> More Settings" to "Off".


+-----------------------------------------------------+
; Post-Synthesis Netlist Statistics for Top Partition ;
+-----------------------+-----------------------------+
; Type                  ; Count                       ;
+-----------------------+-----------------------------+
; arriav_lcell_comb     ; 2                           ;
;     normal            ; 2                           ;
;         1 data inputs ; 2                           ;
; boundary_port         ; 1                           ;
;                       ;                             ;
; Max LUT depth         ; 1.00                        ;
; Average LUT depth     ; 1.00                        ;
+-----------------------+-----------------------------+


+-------------------------------+
; Elapsed Time Per Partition    ;
+----------------+--------------+
; Partition Name ; Elapsed Time ;
+----------------+--------------+
; Top            ; 00:00:02     ;
+----------------+--------------+


+-------------------------------+
; Analysis & Synthesis Messages ;
+-------------------------------+
Info: *******************************************************************
Info: Running Quartus II 64-Bit Analysis & Synthesis
    Info: Version 14.1.0 Build 186 12/03/2014 SJ Web Edition
    Info: Processing started: Wed Jun 09 02:32:52 2021
Info: Command: quartus_map --read_settings_files=on --write_settings_files=off CPU -c CPU
Info (11104): Parallel Compilation has detected 8 hyper-threaded processors. However, the extra hyper-threaded processors will not be used by default. Parallel Compilation will use 4 of the 4 physical processors detected instead.
Info (12021): Found 1 design units, including 1 entities, in source file cpu.v
    Info (12023): Found entity 1: CPU
Info (12021): Found 1 design units, including 1 entities, in source file reset.v
    Info (12023): Found entity 1: RESET
Info (12021): Found 1 design units, including 1 entities, in source file clk_50m.v
    Info (12023): Found entity 1: CLK_50M
Info (12021): Found 1 design units, including 1 entities, in source file pc.v
    Info (12023): Found entity 1: PC
Info (12021): Found 1 design units, including 1 entities, in source file memory.v
    Info (12023): Found entity 1: Memory
Info (12021): Found 1 design units, including 1 entities, in source file controller.v
    Info (12023): Found entity 1: Controller
Info (12021): Found 1 design units, including 1 entities, in source file ir.v
    Info (12023): Found entity 1: IR
Info (12021): Found 1 design units, including 1 entities, in source file psr.v
    Info (12023): Found entity 1: PSR
Info (12021): Found 1 design units, including 1 entities, in source file register.v
    Info (12023): Found entity 1: Register
Info (12021): Found 1 design units, including 1 entities, in source file alu.v
    Info (12023): Found entity 1: ALU
Info (12127): Elaborating entity "CPU" for the top level hierarchy
Info (12128): Elaborating entity "CLK_50M" for hierarchy "CLK_50M:c1"
Warning (10755): Verilog HDL warning at CLK_50M.v(9): assignments to clk create a combinational loop
Info (12128): Elaborating entity "RESET" for hierarchy "RESET:c2"
Info (12128): Elaborating entity "Controller" for hierarchy "Controller:u1"
Warning (10230): Verilog HDL assignment warning at Controller.v(106): truncated value with size 32 to match size of target (12)
Warning (10175): Verilog HDL warning at Controller.v(154): ignoring unsupported system task
Info (12128): Elaborating entity "Memory" for hierarchy "Memory:u2"
Info (12128): Elaborating entity "Register" for hierarchy "Register:u3"
Info (12128): Elaborating entity "PC" for hierarchy "PC:u4"
Info (12128): Elaborating entity "IR" for hierarchy "IR:u5"
Info (12128): Elaborating entity "ALU" for hierarchy "ALU:u6"
Warning (10855): Verilog HDL warning at ALU.v(23): initial value for variable count should be constant
Info (12128): Elaborating entity "PSR" for hierarchy "PSR:u7"
Info (286030): Timing-Driven Synthesis is running
Info (17049): 17 registers lost all their fanouts during netlist optimizations.
Info (144001): Generated suppressed messages file C:/Users/Mary/Documents/CPU/output_files/CPU.map.smsg
Info (16010): Generating hard_block partition "hard_block:auto_generated_inst"
    Info (16011): Adding 0 node(s), including 0 DDIO, 0 PLL, 0 transceiver and 0 LCELL
Info (21057): Implemented 2 device resources after synthesis - the final resource count might be different
    Info (21058): Implemented 0 input pins
    Info (21059): Implemented 1 output pins
    Info (21061): Implemented 1 logic cells
Info: Quartus II 64-Bit Analysis & Synthesis was successful. 0 errors, 4 warnings
    Info: Peak virtual memory: 4832 megabytes
    Info: Processing ended: Wed Jun 09 02:33:16 2021
    Info: Elapsed time: 00:00:24
    Info: Total CPU time (on all processors): 00:00:35


+------------------------------------------+
; Analysis & Synthesis Suppressed Messages ;
+------------------------------------------+
The suppressed messages can be found in C:/Users/Mary/Documents/CPU/output_files/CPU.map.smsg.


